Change Physical Footprint: Designator=C1 Old Footprint=CAPC1005X06N New Footprint=CAPC1005X06N
Change Physical Footprint: Designator=C2 Old Footprint=CAPC3216X16N New Footprint=CAPC3216X16N
Change Physical Footprint: Designator=C3 Old Footprint=CAPC1005X06N New Footprint=CAPC1005X06N
Change Physical Footprint: Designator=C4 Old Footprint=CAPC3216X16N New Footprint=CAPC3216X16N
Change Physical Footprint: Designator=C5 Old Footprint=CAPC1005X06N New Footprint=CAPC1005X06N
Change Physical Footprint: Designator=C6 Old Footprint=CAPC3216X16N New Footprint=CAPC3216X16N
Change Physical Footprint: Designator=C7 Old Footprint=CAPC1005X06N New Footprint=CAPC1005X06N
Change Physical Footprint: Designator=C8 Old Footprint=CAPC3216X16N New Footprint=CAPC3216X16N
Change Physical Footprint: Designator=C9 Old Footprint=CAPC1005X06N New Footprint=CAPC1005X06N
Change Physical Footprint: Designator=C10 Old Footprint=CAPC3216X16N New Footprint=CAPC3216X16N
Change Physical Footprint: Designator=C11 Old Footprint=CAPC1005X06N New Footprint=CAPC1005X06N
Change Physical Footprint: Designator=C12 Old Footprint=CAPC3216X16N New Footprint=CAPC3216X16N
Change Physical Footprint: Designator=C13 Old Footprint=CAPC1005X06N New Footprint=CAPC1005X06N
Change Physical Footprint: Designator=C14 Old Footprint=CAPC3216X16N New Footprint=CAPC3216X16N
Change Physical Footprint: Designator=C15 Old Footprint=CAPC1005X06N New Footprint=CAPC1005X06N
Change Physical Footprint: Designator=C16 Old Footprint=CAPC1005X06N New Footprint=CAPC1005X06N
Change Physical Footprint: Designator=C17 Old Footprint=CAPC1005X06N New Footprint=CAPC1005X06N
Change Physical Footprint: Designator=C18 Old Footprint=CAPC1005X06N New Footprint=CAPC1005X06N
Change Physical Footprint: Designator=C19 Old Footprint=CAPC1005X06N New Footprint=CAPC1005X06N
Change Physical Footprint: Designator=C20 Old Footprint=CAPC1005X06N New Footprint=CAPC1005X06N
Change Physical Footprint: Designator=C21 Old Footprint=CAPC1005X06N New Footprint=CAPC1005X06N
Change Physical Footprint: Designator=C22 Old Footprint=CAPC1005X06N New Footprint=CAPC1005X06N
Change Physical Footprint: Designator=C23 Old Footprint=CAPC1005X06N New Footprint=CAPC1005X06N
Change Physical Footprint: Designator=C24 Old Footprint=CAPC3216X16N New Footprint=CAPC3216X16N
Change Physical Footprint: Designator=C25 Old Footprint=CAPC1005X06N New Footprint=CAPC1005X06N
Change Physical Footprint: Designator=C26 Old Footprint=CAPC3216X16N New Footprint=CAPC3216X16N
Change Physical Footprint: Designator=D1 Old Footprint=INDUSTRIALFIBEROPTICS_IF-E99B New Footprint=INDUSTRIALFIBEROPTICS_IF-E99B
Change Physical Footprint: Designator=D2 Old Footprint=INDUSTRIALFIBEROPTICS_IF-D91B New Footprint=INDUSTRIALFIBEROPTICS_IF-D91B
Change Physical Footprint: Designator=D3 Old Footprint=DFN65P100X50-2N New Footprint=DFN65P100X50-2N
Change Physical Footprint: Designator=J1 Old Footprint=RFSOLUTIONS_CON-SMA-EDGE-S New Footprint=RFSOLUTIONS_CON-SMA-EDGE-S
Change Physical Footprint: Designator=J2 Old Footprint=HANXIA_HX PZ1.27-2x8P TP New Footprint=HANXIA_HX PZ1.27-2x8P TP
Change Physical Footprint: Designator=J3 Old Footprint=HANXIA_HX PZ1.27-2x8P TP New Footprint=HANXIA_HX PZ1.27-2x8P TP
Change Physical Footprint: Designator=J4 Old Footprint=HCTL_PM127-2-08-S-4.3 New Footprint=HCTL_PM127-2-08-S-4.3
Change Physical Footprint: Designator=J5 Old Footprint=HCTL_PM127-2-08-S-4.3 New Footprint=HCTL_PM127-2-08-S-4.3
Change Physical Footprint: Designator=L1 Old Footprint=INDC1005X05N New Footprint=INDC1005X05N
Change Physical Footprint: Designator=L2 Old Footprint=INDC1005X05N New Footprint=INDC1005X05N
Change Physical Footprint: Designator=L3 Old Footprint=INDC1005X05N New Footprint=INDC1005X05N
Change Physical Footprint: Designator=L4 Old Footprint=INDC1005X05N New Footprint=INDC1005X05N
Change Physical Footprint: Designator=L5 Old Footprint=INDC1005X05N New Footprint=INDC1005X05N
Change Physical Footprint: Designator=R1 Old Footprint=RESC1005X04N New Footprint=RESC1005X04N
Change Physical Footprint: Designator=R2 Old Footprint=RESC1005X04N New Footprint=RESC1005X04N
Change Physical Footprint: Designator=R3 Old Footprint=RESC1005X04N New Footprint=RESC1005X04N
Change Physical Footprint: Designator=R4 Old Footprint=RESC1005X04N New Footprint=RESC1005X04N
Change Physical Footprint: Designator=R5 Old Footprint=RESC1005X04N New Footprint=RESC1005X04N
Change Physical Footprint: Designator=R6 Old Footprint=RESC1005X04N New Footprint=RESC1005X04N
Change Physical Footprint: Designator=R7 Old Footprint=RESC1005X04N New Footprint=RESC1005X04N
Change Physical Footprint: Designator=R8 Old Footprint=RESC1005X04N New Footprint=RESC1005X04N
Change Physical Footprint: Designator=R9 Old Footprint=RESC1005X04N New Footprint=RESC1005X04N
Change Physical Footprint: Designator=R10 Old Footprint=VISHAY_PKG_TNPW1206 New Footprint=VISHAY_PKG_TNPW1206
Change Physical Footprint: Designator=R11 Old Footprint=VISHAY_PKG_TNPW1206 New Footprint=VISHAY_PKG_TNPW1206
Change Physical Footprint: Designator=R12 Old Footprint=RESC1005X04N New Footprint=RESC1005X04N
Change Physical Footprint: Designator=R13 Old Footprint=RESC1005X04N New Footprint=RESC1005X04N
Change Physical Footprint: Designator=R14 Old Footprint=RESC1005X04N New Footprint=RESC1005X04N
Change Physical Footprint: Designator=R15 Old Footprint=RESC1005X04N New Footprint=RESC1005X04N
Change Physical Footprint: Designator=R16 Old Footprint=RESC1005X04N New Footprint=RESC1005X04N
Change Physical Footprint: Designator=R17 Old Footprint=RESC1005X04N New Footprint=RESC1005X04N
Change Physical Footprint: Designator=R18 Old Footprint=RESC1005X04N New Footprint=RESC1005X04N
Change Physical Footprint: Designator=R19 Old Footprint=RESC1005X04N New Footprint=RESC1005X04N
Change Physical Footprint: Designator=R20 Old Footprint=RESC1005X04N New Footprint=RESC1005X04N
Change Physical Footprint: Designator=R21 Old Footprint=RESC1005X04N New Footprint=RESC1005X04N
Change Physical Footprint: Designator=R22 Old Footprint=RESC1005X04N New Footprint=RESC1005X04N
Change Physical Footprint: Designator=U1 Old Footprint=SOT95P237X112-3N New Footprint=SOT95P237X112-3N
Change Physical Footprint: Designator=U2 Old Footprint=TEXASINSTRUMENTS_PKG_DGK0008A New Footprint=TEXASINSTRUMENTS_PKG_DGK0008A
Change Physical Footprint: Designator=U3 Old Footprint=SOTFL95P260X145-6 New Footprint=SOTFL95P260X145-6
Change Physical Footprint: Designator=U4 Old Footprint=SOTFL65P210X110-6N New Footprint=SOTFL65P210X110-6N
Change Physical Footprint: Designator=U5 Old Footprint=TEXASINSTRUMENTS_PKG_DBV0005A New Footprint=TEXASINSTRUMENTS_PKG_DBV0005A
Change Physical Footprint: Designator=U6 Old Footprint=ANALOGDEVICES_PKG_R-8 New Footprint=ANALOGDEVICES_PKG_R-8
Change Physical Footprint: Designator=U7 Old Footprint=TEXASINSTRUMENTS_PKG_DGK0008A New Footprint=TEXASINSTRUMENTS_PKG_DGK0008A
